testing/patient101/patient101_frame01.nii
testing/patient101/patient101_frame01_gt.nii
testing/patient102/patient102_frame01.nii
testing/patient102/patient102_frame01_gt.nii