{'ED': 1, 'ES': 12, 'Group': 'DCM', 'Height': 184.0, 'NbFrame': 30, 'Weight': 95.0}
{'ED': 1, 'ES': 12, 'Group': 'DCM', 'Height': 160.0, 'NbFrame': 30, 'Weight': 70.0}
{'ED': 1, 'ES': 14, 'Group': 'DCM', 'Height': 169.0, 'NbFrame': 30, 'Weight': 79.0}
{'ED': 1, 'ES': 13, 'Group': 'NOR', 'Height': 156.0, 'NbFrame': 30, 'Weight': 75.0}